

================================================================
== Vivado HLS Report for 'foo'
================================================================
* Date:           Tue Nov  5 17:43:25 2019

* Version:        2019.1 (Build 2552052 on Fri May 24 15:28:33 MDT 2019)
* Project:        lab7_3
* Solution:       solution3
* Product family: artix7
* Target device:  xa7a12t-csg325-1Q


================================================================
== Performance Estimates
================================================================
+ Timing (ns): 
    * Summary: 
    +--------+-------+----------+------------+
    |  Clock | Target| Estimated| Uncertainty|
    +--------+-------+----------+------------+
    |ap_clk  |  10.00|     6.169|        0.10|
    +--------+-------+----------+------------+

+ Latency (clock cycles): 
    * Summary: 
    +-----+-----+-----+-----+---------------------------------------------+
    |  Latency  |  Interval |                   Pipeline                  |
    | min | max | min | max |                     Type                    |
    +-----+-----+-----+-----+---------------------------------------------+
    |    9|   10|   10|   10| loop rewind(delay=0 initiation interval(s)) |
    +-----+-----+-----+-----+---------------------------------------------+

    + Detail: 
        * Instance: 
        N/A

        * Loop: 
        +----------+-----+-----+----------+-----------+-----------+------+----------+
        |          |  Latency  | Iteration|  Initiation Interval  | Trip |          |
        | Loop Name| min | max |  Latency |  achieved |   target  | Count| Pipelined|
        +----------+-----+-----+----------+-----------+-----------+------+----------+
        |- L1      |    9|    9|         1|          1|          1|    10|    yes   |
        +----------+-----+-----+----------+-----------+-----------+------+----------+

============================================================
+ Verbose Summary: Synthesis Manager
============================================================
InlineROM: 1
ExposeGlobal: 0
============================================================
+ Verbose Summary: CDFG Model
============================================================
IsTopModel: 1
ResetActiveHigh: 1
IsCombinational: 0
IsDatapathOnly: 0
HasWiredReturn: 1
HasMFsm: 0
HasVarLatency: 1
IsPipeline: 0
IsRtlPipelined: 0
IsInstanceOverlapped: 0
IsDontTouch: 0
HasImplIP: 0
IsGatedGlobalClock: 0

+ Individual pipeline summary: 
  * Pipeline-0: initiation interval (II) = 1, depth = 1


============================================================
+ Verbose Summary: Schedule
============================================================
* Number of FSM states : 2
* Pipeline : 1
  Pipeline-0 : II = 1, D = 1, States = { 2 }
* Dataflow Pipeline: 0

* FSM state transitions: 
1 --> 2 
2 --> 2 

* FSM state operations: 

State 1 <SV = 0> <Delay = 1.66>
ST_1 : Operation 3 [1/1] (1.66ns)   --->   "br label %rewind_header" [source/lab7_z3.c:4]   --->   Operation 3 'br' <Predicate = true> <Delay = 1.66>

State 2 <SV = 1> <Delay = 6.16>
ST_2 : Operation 4 [1/1] (0.00ns)   --->   "%do_init = phi i1 [ true, %0 ], [ false, %L1 ], [ true, %1 ]"   --->   Operation 4 'phi' 'do_init' <Predicate = true> <Delay = 0.00>
ST_2 : Operation 5 [1/1] (0.00ns)   --->   "%in12_rewind = phi i32 [ undef, %0 ], [ %in12_phi, %L1 ], [ undef, %1 ]" [source/lab7_z3.c:1]   --->   Operation 5 'phi' 'in12_rewind' <Predicate = true> <Delay = 0.00>
ST_2 : Operation 6 [1/1] (0.00ns)   --->   "%in23_rewind = phi i32 [ undef, %0 ], [ %in23_phi, %L1 ], [ undef, %1 ]" [source/lab7_z3.c:1]   --->   Operation 6 'phi' 'in23_rewind' <Predicate = true> <Delay = 0.00>
ST_2 : Operation 7 [1/1] (0.00ns)   --->   "%i_01 = phi i4 [ 0, %0 ], [ %i, %L1 ], [ 0, %1 ]"   --->   Operation 7 'phi' 'i_01' <Predicate = true> <Delay = 0.00>
ST_2 : Operation 8 [1/1] (1.66ns)   --->   "br i1 %do_init, label %rewind_init, label %L1"   --->   Operation 8 'br' <Predicate = true> <Delay = 1.66>
ST_2 : Operation 9 [1/1] (0.00ns)   --->   "call void (...)* @_ssdm_op_SpecBitsMap(i32 %in1) nounwind, !map !7"   --->   Operation 9 'specbitsmap' <Predicate = (do_init)> <Delay = 0.00>
ST_2 : Operation 10 [1/1] (0.00ns)   --->   "call void (...)* @_ssdm_op_SpecBitsMap(i32 %in2) nounwind, !map !13"   --->   Operation 10 'specbitsmap' <Predicate = (do_init)> <Delay = 0.00>
ST_2 : Operation 11 [1/1] (0.00ns)   --->   "call void (...)* @_ssdm_op_SpecBitsMap(i32* %out_data) nounwind, !map !17"   --->   Operation 11 'specbitsmap' <Predicate = (do_init)> <Delay = 0.00>
ST_2 : Operation 12 [1/1] (0.00ns)   --->   "call void (...)* @_ssdm_op_SpecTopModule([4 x i8]* @foo_str) nounwind"   --->   Operation 12 'spectopmodule' <Predicate = (do_init)> <Delay = 0.00>
ST_2 : Operation 13 [1/1] (0.00ns)   --->   "%in2_read = call i32 @_ssdm_op_Read.ap_auto.i32(i32 %in2) nounwind" [source/lab7_z3.c:1]   --->   Operation 13 'read' 'in2_read' <Predicate = (do_init)> <Delay = 0.00>
ST_2 : Operation 14 [1/1] (0.00ns)   --->   "%in1_read = call i32 @_ssdm_op_Read.ap_auto.i32(i32 %in1) nounwind" [source/lab7_z3.c:1]   --->   Operation 14 'read' 'in1_read' <Predicate = (do_init)> <Delay = 0.00>
ST_2 : Operation 15 [1/1] (1.66ns)   --->   "br label %L1" [source/lab7_z3.c:4]   --->   Operation 15 'br' <Predicate = (do_init)> <Delay = 1.66>
ST_2 : Operation 16 [1/1] (0.00ns)   --->   "%in12_phi = phi i32 [ %in1_read, %rewind_init ], [ %in12_rewind, %rewind_header ]" [source/lab7_z3.c:1]   --->   Operation 16 'phi' 'in12_phi' <Predicate = true> <Delay = 0.00>
ST_2 : Operation 17 [1/1] (0.00ns)   --->   "%in23_phi = phi i32 [ %in2_read, %rewind_init ], [ %in23_rewind, %rewind_header ]" [source/lab7_z3.c:1]   --->   Operation 17 'phi' 'in23_phi' <Predicate = true> <Delay = 0.00>
ST_2 : Operation 18 [1/1] (0.00ns)   --->   "call void (...)* @_ssdm_op_SpecLoopName([3 x i8]* @p_str) nounwind" [source/lab7_z3.c:4]   --->   Operation 18 'specloopname' <Predicate = true> <Delay = 0.00>
ST_2 : Operation 19 [1/1] (0.00ns)   --->   "%tmp = call i32 (...)* @_ssdm_op_SpecRegionBegin([3 x i8]* @p_str) nounwind" [source/lab7_z3.c:4]   --->   Operation 19 'specregionbegin' 'tmp' <Predicate = true> <Delay = 0.00>
ST_2 : Operation 20 [1/1] (0.00ns)   --->   "call void (...)* @_ssdm_op_SpecPipeline(i32 -1, i32 1, i32 1, i32 0, [1 x i8]* @p_str1) nounwind" [source/lab7_z3.c:5]   --->   Operation 20 'specpipeline' <Predicate = true> <Delay = 0.00>
ST_2 : Operation 21 [1/1] (0.00ns)   --->   "%accum_load = load i32* @accum, align 4" [source/lab7_z3.c:5]   --->   Operation 21 'load' 'accum_load' <Predicate = true> <Delay = 0.00>
ST_2 : Operation 22 [1/1] (0.00ns) (grouped into TernaryAdder)   --->   "%add_ln5 = add i32 %in23_phi, %in12_phi" [source/lab7_z3.c:5]   --->   Operation 22 'add' 'add_ln5' <Predicate = true> <Delay = 0.00> <Core = "TAddSub">   --->   Core 83 'TAddSub' <Latency = 0> <II = 1> <Delay = 2.25> <IPBlock> <Opcode : 'add' 'sub'> <InPorts = 3> <OutPorts = 1> <Sync> <CReg>
ST_2 : Operation 23 [1/1] (4.50ns) (root node of TernaryAdder)   --->   "%add_ln5_1 = add i32 %add_ln5, %accum_load" [source/lab7_z3.c:5]   --->   Operation 23 'add' 'add_ln5_1' <Predicate = true> <Delay = 4.50> <Core = "TAddSub">   --->   Core 83 'TAddSub' <Latency = 0> <II = 1> <Delay = 2.25> <IPBlock> <Opcode : 'add' 'sub'> <InPorts = 3> <OutPorts = 1> <Sync> <CReg>
ST_2 : Operation 24 [1/1] (0.00ns)   --->   "store i32 %add_ln5_1, i32* @accum, align 4" [source/lab7_z3.c:5]   --->   Operation 24 'store' <Predicate = true> <Delay = 0.00>
ST_2 : Operation 25 [1/1] (0.00ns)   --->   "%empty = call i32 (...)* @_ssdm_op_SpecRegionEnd([3 x i8]* @p_str, i32 %tmp) nounwind" [source/lab7_z3.c:6]   --->   Operation 25 'specregionend' 'empty' <Predicate = true> <Delay = 0.00>
ST_2 : Operation 26 [1/1] (1.77ns)   --->   "%i = add i4 %i_01, 1" [source/lab7_z3.c:4]   --->   Operation 26 'add' 'i' <Predicate = true> <Delay = 1.77> <Core = "AddSub">   --->   Core 14 'AddSub' <Latency = 0> <II = 1> <Delay = 1.77> <FuncUnit> <Opcode : 'add' 'sub'> <InPorts = 2> <OutPorts = 1>
ST_2 : Operation 27 [1/1] (1.44ns)   --->   "%icmp_ln4 = icmp eq i4 %i_01, -7" [source/lab7_z3.c:4]   --->   Operation 27 'icmp' 'icmp_ln4' <Predicate = true> <Delay = 1.44> <Core = "Cmp">   --->   Core 25 'Cmp' <Latency = 0> <II = 1> <Delay = 1.44> <FuncUnit> <Opcode : 'icmp'> <InPorts = 2> <OutPorts = 1>
ST_2 : Operation 28 [1/1] (0.00ns)   --->   "%empty_2 = call i32 (...)* @_ssdm_op_SpecLoopTripCount(i64 10, i64 10, i64 10) nounwind"   --->   Operation 28 'speclooptripcount' 'empty_2' <Predicate = true> <Delay = 0.00>
ST_2 : Operation 29 [1/1] (0.00ns)   --->   "br i1 %icmp_ln4, label %1, label %rewind_header" [source/lab7_z3.c:4]   --->   Operation 29 'br' <Predicate = true> <Delay = 0.00>
ST_2 : Operation 30 [1/1] (0.00ns)   --->   "call void @_ssdm_op_Write.ap_auto.i32P(i32* %out_data, i32 %add_ln5_1) nounwind" [source/lab7_z3.c:7]   --->   Operation 30 'write' <Predicate = (icmp_ln4)> <Delay = 0.00>
ST_2 : Operation 31 [1/1] (0.00ns)   --->   "call void (...)* @_ssdm_op_Return()" [source/lab7_z3.c:8]   --->   Operation 31 'return' <Predicate = (icmp_ln4)> <Delay = 0.00>
ST_2 : Operation 32 [1/1] (0.00ns)   --->   "br label %rewind_header" [source/lab7_z3.c:8]   --->   Operation 32 'br' <Predicate = (icmp_ln4)> <Delay = 0.00>


============================================================
+ Verbose Summary: Timing violations
============================================================
Target clock period: 10ns, clock uncertainty: 0.1ns.

 <State 1>: 1.66ns
The critical path consists of the following:
	multiplexor before 'phi' operation ('do_init') [7]  (1.66 ns)

 <State 2>: 6.17ns
The critical path consists of the following:
	'phi' operation ('do_init') [7]  (0 ns)
	multiplexor before 'phi' operation ('in12_phi', source/lab7_z3.c:1) with incoming values : ('in1', source/lab7_z3.c:1) [21]  (1.66 ns)
	'phi' operation ('in12_phi', source/lab7_z3.c:1) with incoming values : ('in1', source/lab7_z3.c:1) [21]  (0 ns)
	'add' operation ('add_ln5', source/lab7_z3.c:5) [27]  (0 ns)
	'add' operation ('add_ln5_1', source/lab7_z3.c:5) [28]  (4.5 ns)
	wire write on port 'out_data' (source/lab7_z3.c:7) [36]  (0 ns)


============================================================
+ Verbose Summary: Binding
============================================================
N/A
* FSMD analyzer results:
  - Output states:
 - Input state : 
  - Chain level:
	State 1
	State 2


============================================================
+ Verbose Summary: Datapath Resource usage 
============================================================
N/A
